2025-09-09T19:05:43.131Z [004 acct_4] goto https://x.com/kevinyyang15/status/1965489860825022832
2025-09-09T19:05:44.247Z [004 acct_4] ❌ error: page.goto: net::ERR_INVALID_AUTH_CREDENTIALS at https://x.com/kevinyyang15/status/1965489860825022832
Call log:
[2m  - navigating to "https://x.com/kevinyyang15/status/1965489860825022832", waiting until "domcontentloaded"[22m

2025-09-09T19:10:26.869Z [004 acct_4] goto https://x.com/kevinyyang15/status/1965489860825022832
2025-09-09T19:15:35.779Z [004 acct_4] ✅ sesión completa
2025-09-09T19:22:04.126Z [004 acct_4] goto https://x.com/i/broadcasts/1rmxPvlBrwdGN
2025-09-09T19:26:03.944Z [004 acct_4] goto https://x.com/i/broadcasts/1rmxPvlBrwdGN
2025-09-09T19:26:55.924Z [004 acct_4] goto https://x.com/i/broadcasts/1rmxPvlBrwdGN
2025-09-09T19:26:59.462Z [004 acct_4] ❌ error: page.goto: net::ERR_TUNNEL_CONNECTION_FAILED at https://x.com/i/broadcasts/1rmxPvlBrwdGN
Call log:
[2m  - navigating to "https://x.com/i/broadcasts/1rmxPvlBrwdGN", waiting until "domcontentloaded"[22m

2025-09-17T17:24:29.279Z [004 acct_4] goto https://x.com/i/broadcasts/1rmxPvlBrwdGN
2025-09-17T17:30:13.977Z [004 acct_4] ✅ sesión completa
2025-09-17T17:47:34.634Z [004 acct_4] goto https://x.com/i/broadcasts/1rmxPvlBrwdGN
2025-09-17T17:47:37.970Z [004 acct_4] ❌ error: page.goto: Target page, context or browser has been closed
Call log:
[2m  - navigating to "https://x.com/i/broadcasts/1rmxPvlBrwdGN", waiting until "domcontentloaded"[22m

2025-09-17T17:55:01.626Z [004 acct_4] goto https://x.com/i/broadcasts/1rmxPvlBrwdGN
2025-09-17T17:55:48.354Z [004 acct_4] goto https://x.com/i/broadcasts/1OdKrOdvzZPGX
2025-09-22T22:32:44.672Z [004 acct_4] goto https://x.com/i/broadcasts/1OdKrOdvzZPGX
